"1031970-01-01T00:33:20Z","John","1970-01-01T00:33:20Z","CN Tower","[]","103","10"
"1031970-01-01T00:50:00Z","John","1970-01-01T00:50:00Z","CN Tower","[]","103","10"
"1031970-01-01T00:16:40Z","John","1970-01-01T00:16:40Z","CN Tower","[]","103","10"